Ada
The Ada programming language uses '--' to indicate a comment up to the end of the line.

For example:

  
   task type Controller (My_Runway: Runway_Access) is
      
      entry Request_Takeoff (ID: in Airplane_ID; Takeoff: out Runway_Access);
      entry Request_Approach(ID: in Airplane_ID; Approach: out Runway_Access);
   end Controller;
