OCaml
OCaml uses nestable comments, which is useful when commenting a code block.

codeLine
