
columnDifference := testColumn - column;
if (row + columnDifference = testRow) or
    .......
