Swift
Single-line comments begin with two forward-slashes (`//`):


Multiline comments start with a forward-slash followed by an asterisk (`/*`) and end with an asterisk followed by a forward-slash (`*/`):

Multiline comments in Swift can be nested inside other multiline comments. You write nested comments by starting a multiline comment block and then starting a second multiline comment within the first block. The second block is then closed, followed by the first block:

