Ruby
Comments in Ruby.

Single line commenting: (line starts with hash "#")

puts "This is not a comment"



puts "This is not a comment"
Multi-line commenting: (comments goes between keywords "begin" and "end")

puts "This is not a comment"



puts "This is not a comment"
